// Jest Snapshot v1, https://goo.gl/fbAQLP

exports[`Home snapshot 1`] = `
<View>
  <RCTScrollView
    style={
      Object {
        "marginBottom": 20,
        "marginLeft": 10,
        "marginRight": 10,
        "marginTop": 30,
      }
    }
  >
    <View>
      <TextInput
        allowFontScaling={true}
        keyboardType="numeric"
        onChangeText={[Function]}
        placeholder="Poción Roja"
        rejectResponderTermination={true}
        style={
          Object {
            "borderBottomColor": "#b7b7a4",
            "borderBottomWidth": 1,
            "height": 50,
            "marginTop": 20,
          }
        }
        underlineColorAndroid="transparent"
      />
      <TextInput
        allowFontScaling={true}
        keyboardType="numeric"
        onChangeText={[Function]}
        placeholder="Poción Azul"
        rejectResponderTermination={true}
        style={
          Object {
            "borderBottomColor": "#b7b7a4",
            "borderBottomWidth": 1,
            "height": 50,
            "marginTop": 20,
          }
        }
        underlineColorAndroid="transparent"
      />
      <TextInput
        allowFontScaling={true}
        keyboardType="numeric"
        onChangeText={[Function]}
        placeholder="Poción Verde"
        rejectResponderTermination={true}
        style={
          Object {
            "borderBottomColor": "#b7b7a4",
            "borderBottomWidth": 1,
            "height": 50,
            "marginTop": 20,
          }
        }
        underlineColorAndroid="transparent"
      />
      <TextInput
        allowFontScaling={true}
        keyboardType="numeric"
        onChangeText={[Function]}
        placeholder="Poción Amarilla"
        rejectResponderTermination={true}
        style={
          Object {
            "borderBottomColor": "#b7b7a4",
            "borderBottomWidth": 1,
            "height": 50,
            "marginTop": 20,
          }
        }
        underlineColorAndroid="transparent"
      />
      <TextInput
        allowFontScaling={true}
        keyboardType="numeric"
        onChangeText={[Function]}
        placeholder="Poción Gris"
        rejectResponderTermination={true}
        style={
          Object {
            "borderBottomColor": "#b7b7a4",
            "borderBottomWidth": 1,
            "height": 50,
            "marginTop": 20,
          }
        }
        underlineColorAndroid="transparent"
      />
      <View
        style={
          Object {
            "marginTop": 30,
          }
        }
      >
        <View
          accessibilityRole="button"
          accessibilityState={Object {}}
          accessible={true}
          focusable={true}
          onClick={[Function]}
          onResponderGrant={[Function]}
          onResponderMove={[Function]}
          onResponderRelease={[Function]}
          onResponderTerminate={[Function]}
          onResponderTerminationRequest={[Function]}
          onStartShouldSetResponder={[Function]}
          style={
            Object {
              "opacity": 1,
            }
          }
        >
          <View
            style={
              Array [
                Object {},
              ]
            }
          >
            <Text
              style={
                Array [
                  Object {
                    "color": "#007AFF",
                    "fontSize": 18,
                    "margin": 8,
                    "textAlign": "center",
                  },
                  Object {
                    "color": "#3FA7D6",
                  },
                ]
              }
            >
              Generar ataques
            </Text>
          </View>
        </View>
      </View>
    </View>
  </RCTScrollView>
</View>
`;
